Please be aware that you are exposing your VNC server to all users on the
local machine. These users can access your server without authentication!

New Xtigervnc server 'soccer-vision-vm:1 (app)' on port 5901 for display :1.
Use xtigervncviewer -SecurityTypes None :1 to connect to the VNC server.

nformation on TigerVNC.
Underlying X server release 12101011


Sun Jun  7 05:00:50 2026
 vncext:      VNC extension running!
 vncext:      Listening for VNC connections on local interface(s), port 5901
 vncext:      created VNC server for screen 0
The XKEYBOARD keymap compiler (xkbcomp) reports:
> Warning:          Could not resolve keysym XF86CameraAccessEnable
> Warning:          Could not resolve keysym XF86CameraAccessDisable
> Warning:          Could not resolve keysym XF86CameraAccessToggle
> Warning:          Could not resolve keysym XF86NextElement
> Warning:          Could not resolve keysym XF86PreviousElement
> Warning:          Could not resolve keysym XF86AutopilotEngageToggle
> Warning:          Could not resolve keysym XF86MarkWaypoint
> Warning:          Could not resolve keysym XF86Sos
> Warning:          Could not resolve keysym XF86NavChart
> Warning:          Could not resolve keysym XF86FishingChart
> Warning:          Could not resolve keysym XF86SingleRangeRadar
> Warning:          Could not resolve keysym XF86DualRangeRadar
> Warning:          Could not resolve keysym XF86RadarOverlay
> Warning:          Could not resolve keysym XF86TraditionalSonar
> Warning:          Could not resolve keysym XF86ClearvuSonar
> Warning:          Could not resolve keysym XF86SidevuSonar
> Warning:          Could not resolve keysym XF86NavInfo
Errors from xkbcomp are not fatal to the X server
[mi] mieq: warning: overriding existing handler (nil) with 0x5a33ec6cf580 for event 2
[mi] mieq: warning: overriding existing handler (nil) with 0x5a33ec6cf580 for event 3
3NI3X0 New Xtigervnc server 'soccer-vision-vm:1 (app)' on port 5901 for display :1.
3NI3X0 Use xtigervncviewer -SecurityTypes None :1 to connect to the VNC server.
/usr/bin/startxfce4: X server already running on display :1
dbus-update-activation-environment: warning: error sending to systemd: org.freedesktop.DBus.Error.Spawn.ChildExited: Process org.freedesktop.systemd1 exited with status 1
/usr/bin/iceauth:  creating new authority file /run/user/1001/ICEauthority
dbus-update-activation-environment: warning: error sending to systemd: org.freedesktop.DBus.Error.Spawn.ChildExited: Process org.freedesktop.systemd1 exited with status 1
gpg-agent: a gpg-agent is already running - not starting a new one

(xfwm4:1797): xfwm4-WARNING **: 05:00:51.000: Unsupported GL renderer (llvmpipe (LLVM 20.1.2, 256 bits)).
[2072] Sandbox: CanCreateUserNamespace() unshare(CLONE_NEWPID): EPERM
Xfce power manager is not running
Xlib:  extension "DPMS" missing on display ":1".

(xfce4-power-manager:2069): xfce4-power-manager-WARNING **: 05:00:51.559: Monitor is not DPMS capable

** (light-locker:2098): ERROR **: 05:00:51.646: Environment variable XDG_SESSION_PATH not set. Is LightDM running?
Xfce Power Manager: Another power manager is already running
Failure: Module initialization failed

** (xiccd:2116): WARNING **: 05:00:51.667: EDID is empty

** (xiccd:2116): CRITICAL **: 05:00:51.702: failed to create colord device: failed to obtain org.freedesktop.color-manager.create-device auth

(polkit-gnome-authentication-agent-1:2139): GLib-CRITICAL **: 05:00:51.769: g_variant_new_string: assertion 'string != NULL' failed

(polkit-gnome-authentication-agent-1:2139): polkit-gnome-1-WARNING **: 05:00:51.771: Failed to register client: GDBus.Error:org.freedesktop.DBus.Error.ServiceUnknown: The name org.gnome.SessionManager was not provided by any .service files
Another notification daemon is running, exiting

(xfce4-power-manager:2069): xfce4-power-manager-WARNING **: 05:00:51.830: Unable to inhibit systemd sleep: GDBus.Error:org.freedesktop.DBus.Error.AccessDenied: Permission denied
